******************************************************************************
                  MSP430 Linker PC v4.4.3                      
******************************************************************************
>> Linked Tue Mar 24 10:51:45 2015

OUTPUT FILE NAME:   <reflowOven.out>
ENTRY POINT SYMBOL: "_c_int00_noargs_noexit"  address: 0000dc00


MEMORY CONFIGURATION

         name            origin    length      used     unused   attr    fill
----------------------  --------  ---------  --------  --------  ----  --------
  SFR                   00000000   00000010  00000000  00000010  RWIX
  PERIPHERALS_8BIT      00000010   000000f0  00000000  000000f0  RWIX
  PERIPHERALS_16BIT     00000100   00000100  00000000  00000100  RWIX
  RAM                   00000200   00000200  000000af  00000151  RWIX
  INFOD                 00001000   00000040  00000000  00000040  RWIX
  INFOC                 00001040   00000040  00000000  00000040  RWIX
  INFOB                 00001080   00000040  00000000  00000040  RWIX
  INFOA                 000010c0   00000040  00000000  00000040  RWIX
  FLASH                 0000c000   00003fe0  0000246a  00001b76  RWIX
  INT00                 0000ffe0   00000002  00000002  00000000  RWIX
  INT01                 0000ffe2   00000002  00000000  00000002  RWIX
  INT02                 0000ffe4   00000002  00000002  00000000  RWIX
  INT03                 0000ffe6   00000002  00000002  00000000  RWIX
  INT04                 0000ffe8   00000002  00000000  00000002  RWIX
  INT05                 0000ffea   00000002  00000002  00000000  RWIX
  INT06                 0000ffec   00000002  00000002  00000000  RWIX
  INT07                 0000ffee   00000002  00000002  00000000  RWIX
  INT08                 0000fff0   00000002  00000002  00000000  RWIX
  INT09                 0000fff2   00000002  00000002  00000000  RWIX
  INT10                 0000fff4   00000002  00000002  00000000  RWIX
  INT11                 0000fff6   00000002  00000002  00000000  RWIX
  INT12                 0000fff8   00000002  00000002  00000000  RWIX
  INT13                 0000fffa   00000002  00000002  00000000  RWIX
  INT14                 0000fffc   00000002  00000002  00000000  RWIX
  RESET                 0000fffe   00000002  00000002  00000000  RWIX


SECTION ALLOCATION MAP

 output                                  attributes/
section   page    origin      length       input sections
--------  ----  ----------  ----------   ----------------
.data      0    00000200    0000004b     UNINITIALIZED
                  00000200    00000030     main.obj (.data)
                  00000230    0000000a     main.obj (.data:profileLook)
                  0000023a    00000008     main.obj (.data:time)
                  00000242    00000005     main.obj (.data:aCount)
                  00000247    00000001     --HOLE--
                  00000248    00000003     nokia5110.obj (.data)

.bss       0    0000024c    00000014     UNINITIALIZED
                  0000024c    0000000e     (.common:PlantPID)
                  0000025a    00000006     (.common:tempInC)

.TI.persistent 
*          0    00000200    00000000     UNINITIALIZED

.stack     0    000003b0    00000050     UNINITIALIZED
                  000003b0    00000002     rts430_eabi.lib : boot.obj (.stack)
                  000003b2    0000004e     --HOLE--

.text      0    0000c000    00001d70     
                  0000c000    000002f4     rts430_eabi.lib : frcmpyd.obj (.text:__TI_frcmpyd)
                  0000c2f4    0000026e                     : mpyd.obj (.text:__mspabi_mpyd)
                  0000c562    000001aa     main.obj (.text:reflowScreen)
                  0000c70c    00000180     main.obj (.text:main)
                  0000c88c    00000132     main.obj (.text:PORT1_ISR)
                  0000c9be    00000130     rts430_eabi.lib : fs_add.obj (.text)
                  0000caee    000000e0     main.obj (.text:pidScreen)
                  0000cbce    000000c2     rts430_eabi.lib : fs_mpy.obj (.text)
                  0000cc90    000000a4     nokia5110.obj (.text:drawLine)
                  0000cd34    0000009a     rts430_eabi.lib : fs_div.obj (.text)
                  0000cdce    00000086     nokia5110.obj (.text:map)
                  0000ce54    00000080     rts430_eabi.lib : fltuld.obj (.text:__mspabi_fltuld)
                  0000ced4    00000080     nokia5110.obj (.text:plotScreen)
                  0000cf54    0000007e     nokia5110.obj (.text:LcdCharacter)
                  0000cfd2    0000007a     main.obj (.text:maxRead)
                  0000d04c    00000078     main.obj (.text:LEADScreen)
                  0000d0c4    00000078     main.obj (.text:RoHSScreen)
                  0000d13c    00000076     main.obj (.text:relayDrive)
                  0000d1b2    00000074     rts430_eabi.lib : fixdul.obj (.text:__mspabi_fixdul)
                  0000d226    00000072     nokia5110.obj (.text:LcdInit)
                  0000d298    0000006a     main.obj (.text:exitScreen)
                  0000d302    0000006a     main.obj (.text:itoa)
                  0000d36c    00000068     rts430_eabi.lib : fs_toi.obj (.text)
                  0000d3d4    00000066     pid.obj (.text:UpdatePID)
                  0000d43a    00000064     main.obj (.text:Scroll)
                  0000d49e    00000064     rts430_eabi.lib : copy_decompress_rle.obj (.text:__TI_decompress_rle_core)
                  0000d502    00000060     nokia5110.obj (.text:setPixel)
                  0000d562    0000005c     rts430_eabi.lib : lsr32.obj (.text:l_lsr_const)
                  0000d5be    0000005c     main.obj (.text:writeFlash)
                  0000d61a    00000058     rts430_eabi.lib : autoinit.obj (.text:_auto_init)
                  0000d672    00000058     main.obj (.text:profileScreen)
                  0000d6ca    00000056     main.obj (.text:initGPIO)
                  0000d720    00000054     main.obj (.text:startScreen)
                  0000d774    0000004e     main.obj (.text:TIMER1_A1_ISR)
                  0000d7c2    0000004c     rts430_eabi.lib : lsr16.obj (.text)
                  0000d80e    00000046                     : fs_tou.obj (.text)
                  0000d854    00000044     nokia5110.obj (.text:LcdClear)
                  0000d898    00000042     main.obj (.text:USCIAB0RX_ISR)
                  0000d8da    0000003e     rts430_eabi.lib : asr32.obj (.text:l_asr_const)
                  0000d918    0000003e                     : lsl32.obj (.text:l_lsl_const)
                  0000d956    0000003e     main.obj (.text:loadProfile)
                  0000d994    00000036     rts430_eabi.lib : fs_itof.obj (.text)
                  0000d9ca    00000030     main.obj (.text:startPwm)
                  0000d9fa    0000002e     spi.obj (.text:initSPI8)
                  0000da28    0000002c     nokia5110.obj (.text:LcdWrite)
                  0000da54    0000002c     rts430_eabi.lib : asr16.obj (.text)
                  0000da80    0000002c                     : div16s.obj (.text)
                  0000daac    0000002c                     : lsl16.obj (.text)
                  0000dad8    0000002c     main.obj (.text:stopPwm)
                  0000db04    00000028     nokia5110.obj (.text:drawFilledRectangle)
                  0000db2c    00000026     nokia5110.obj (.text:LcdBmp)
                  0000db52    00000026     nokia5110.obj (.text:LcdGotoXY)
                  0000db78    00000026     rts430_eabi.lib : mult32.obj (.text)
                  0000db9e    00000024                     : fs_utof.obj (.text)
                  0000dbc2    00000022     main.obj (.text:buzz)
                  0000dbe4    0000001c     main.obj (.text:startSampler)
                  0000dc00    0000001a     rts430_eabi.lib : boot_special.obj (.text:_c_int00_noargs_noexit)
                  0000dc1a    0000001a     main.obj (.text:loadFlash)
                  0000dc34    00000016     nokia5110.obj (.text:LcdString)
                  0000dc4a    00000016     delay.obj (.text:delay)
                  0000dc60    00000016     rts430_eabi.lib : div16u.obj (.text)
                  0000dc76    00000014                     : copy_zero_init.obj (.text:decompress:ZI:__TI_zero_init)
                  0000dc8a    00000014                     : mult16.obj (.text)
                  0000dc9e    00000014     main.obj (.text:startCapture)
                  0000dcb2    00000012     rts430_eabi.lib : fixdu.obj (.text:__mspabi_fixdu)
                  0000dcc4    00000012                     : copy_decompress_none.obj (.text:decompress:none:__TI_decompress_none)
                  0000dcd6    00000012                     : lsr32.obj (.text:l_lsr)
                  0000dce8    00000012                     : memcpy.obj (.text:memcpy)
                  0000dcfa    00000010                     : epilog.obj (.text)
                  0000dd0a    0000000e     nokia5110.obj (.text:LcdClearSome)
                  0000dd18    0000000e     main.obj (.text:stopSampler)
                  0000dd26    0000000c     main.obj (.text:WDT_ISR)
                  0000dd32    0000000c     main.obj (.text:stopSecTimer)
                  0000dd3e    0000000a     main.obj (.text:stopBuzz)
                  0000dd48    00000008     main.obj (.text:startSecTimer)
                  0000dd50    00000006     main.obj (.text:TIMER0_A0_ISR)
                  0000dd56    00000006     rts430_eabi.lib : fltud.obj (.text:__mspabi_fltud)
                  0000dd5c    00000006                     : isr_trap.obj (.text:_isr:__TI_ISR_TRAP)
                  0000dd62    00000006                     : copy_decompress_rle.obj (.text:decompress:rle24:__TI_decompress_rle24)
                  0000dd68    00000004                     : pre_init.obj (.text:_system_pre_init)
                  0000dd6c    00000004                     : exit.obj (.text:abort)

.const     0    0000dd70    000006d0     
                  0000dd70    000001e0     nokia5110.obj (.const:font5x7)
                  0000df50    000001a4     main.obj (.const:.string:leadPlot)
                  0000e0f4    000001a4     main.obj (.const:.string:rhosPlot)
                  0000e298    000000be     nokia5110.obj (.const:font3x5)
                  0000e356    000000b4     main.obj (.const:.string)
                  0000e40a    0000000d     main.obj (.const:.string:modeLookUp)
                  0000e417    00000001     --HOLE-- [fill = 0]
                  0000e418    0000000a     main.obj (.const:RohsLook)
                  0000e422    0000000a     main.obj (.const:RohsTime)
                  0000e42c    0000000a     main.obj (.const:leadLook)
                  0000e436    0000000a     main.obj (.const:leadTime)

.cinit     0    0000e440    0000002a     
                  0000e440    00000017     (.cinit..data.load) [load image, compression = rle]
                  0000e457    00000001     --HOLE-- [fill = 0]
                  0000e458    00000006     (__TI_handler_table)
                  0000e45e    00000004     (.cinit..bss.load) [load image, compression = zero_init]
                  0000e462    00000008     (__TI_cinit_table)

.init_array 
*          0    0000c000    00000000     UNINITIALIZED

TRAPINT    0    0000ffe0    00000002     
                  0000ffe0    00000002     rts430_eabi.lib : int00.obj (.int00)

PORT1      0    0000ffe4    00000002     
                  0000ffe4    00000002     main.obj (.int02)

PORT2      0    0000ffe6    00000002     
                  0000ffe6    00000002     rts430_eabi.lib : int03.obj (.int03)

ADC10      0    0000ffea    00000002     
                  0000ffea    00000002     rts430_eabi.lib : int05.obj (.int05)

USCIAB0TX 
*          0    0000ffec    00000002     
                  0000ffec    00000002     rts430_eabi.lib : int06.obj (.int06)

USCIAB0RX 
*          0    0000ffee    00000002     
                  0000ffee    00000002     main.obj (.int07)

TIMER0_A1 
*          0    0000fff0    00000002     
                  0000fff0    00000002     rts430_eabi.lib : int08.obj (.int08)

TIMER0_A0 
*          0    0000fff2    00000002     
                  0000fff2    00000002     main.obj (.int09)

WDT        0    0000fff4    00000002     
                  0000fff4    00000002     main.obj (.int10)

COMPARATORA 
*          0    0000fff6    00000002     
                  0000fff6    00000002     rts430_eabi.lib : int11.obj (.int11)

TIMER1_A1 
*          0    0000fff8    00000002     
                  0000fff8    00000002     main.obj (.int12)

TIMER1_A0 
*          0    0000fffa    00000002     
                  0000fffa    00000002     rts430_eabi.lib : int13.obj (.int13)

NMI        0    0000fffc    00000002     
                  0000fffc    00000002     rts430_eabi.lib : int14.obj (.int14)

.reset     0    0000fffe    00000002     
                  0000fffe    00000002     rts430_eabi.lib : boot.obj (.reset)


LINKER GENERATED COPY TABLES

__TI_cinit_table @ 0000e462 records: 2, size/record: 4, table size: 8
	.data: load addr=0000e440, load size=00000017 bytes, run addr=00000200, run size=0000004b bytes, compression=rle
	.bss: load addr=0000e45e, load size=00000004 bytes, run addr=0000024c, run size=00000014 bytes, compression=zero_init


LINKER GENERATED HANDLER TABLE

__TI_handler_table @ 0000e458 records: 3, size/record: 2, table size: 6
	index: 0, handler: __TI_zero_init
	index: 1, handler: __TI_decompress_rle24
	index: 2, handler: __TI_decompress_none


GLOBAL SYMBOLS: SORTED ALPHABETICALLY BY Name 

address   name                    
-------   ----                    
0000004a  ADC10AE0                
000001b0  ADC10CTL0               
000001b2  ADC10CTL1               
00000048  ADC10DTC0               
00000049  ADC10DTC1               
000001b4  ADC10MEM                
000001bc  ADC10SA                 
00000057  BCSCTL1                 
00000058  BCSCTL2                 
00000053  BCSCTL3                 
0000dd6c  C$$EXIT                 
00000059  CACTL1                  
0000005a  CACTL2                  
000010fb  CALBC1_12MHZ            
000010f9  CALBC1_16MHZ            
000010ff  CALBC1_1MHZ             
000010fd  CALBC1_8MHZ             
000010fa  CALDCO_12MHZ            
000010f8  CALDCO_16MHZ            
000010fe  CALDCO_1MHZ             
000010fc  CALDCO_8MHZ             
0000005b  CAPD                    
00000056  DCOCTL                  
00000128  FCTL1                   
0000012a  FCTL2                   
0000012c  FCTL3                   
00000208  Flash_dGain             
00000206  Flash_iGain             
00000204  Flash_pGain             
00000000  IE1                     
00000001  IE2                     
00000002  IFG1                    
00000003  IFG2                    
0000d04c  LEADScreen              
0000db2c  LcdBmp                  
0000cf54  LcdCharacter            
0000d854  LcdClear                
0000dd0a  LcdClearSome            
0000db52  LcdGotoXY               
0000d226  LcdInit                 
0000dc34  LcdString               
0000da28  LcdWrite                
00000022  P1DIR                   
00000025  P1IE                    
00000024  P1IES                   
00000023  P1IFG                   
00000020  P1IN                    
00000021  P1OUT                   
00000027  P1REN                   
00000026  P1SEL                   
00000041  P1SEL2                  
0000002a  P2DIR                   
0000002d  P2IE                    
0000002c  P2IES                   
0000002b  P2IFG                   
00000028  P2IN                    
00000029  P2OUT                   
0000002f  P2REN                   
0000002e  P2SEL                   
00000042  P2SEL2                  
0000001a  P3DIR                   
00000018  P3IN                    
00000019  P3OUT                   
00000010  P3REN                   
0000001b  P3SEL                   
00000043  P3SEL2                  
0000c88c  PORT1_ISR               
0000024c  PlantPID                
0000d0c4  RoHSScreen              
0000d43a  Scroll                  
00000172  TA0CCR0                 
00000174  TA0CCR1                 
00000176  TA0CCR2                 
00000162  TA0CCTL0                
00000164  TA0CCTL1                
00000166  TA0CCTL2                
00000160  TA0CTL                  
0000012e  TA0IV                   
00000170  TA0R                    
00000192  TA1CCR0                 
00000194  TA1CCR1                 
00000196  TA1CCR2                 
00000182  TA1CCTL0                
00000184  TA1CCTL1                
00000186  TA1CCTL2                
00000180  TA1CTL                  
0000011e  TA1IV                   
00000190  TA1R                    
0000dd50  TIMER0_A0_ISR           
0000d774  TIMER1_A1_ISR           
000010db  TLV_ADC10_1_LEN         
000010da  TLV_ADC10_1_TAG         
000010c0  TLV_CHECKSUM            
000010f7  TLV_DCO_30_LEN          
000010f6  TLV_DCO_30_TAG          
0000005d  UCA0ABCTL               
00000062  UCA0BR0                 
00000063  UCA0BR1                 
00000060  UCA0CTL0                
00000061  UCA0CTL1                
0000005f  UCA0IRRCTL              
0000005e  UCA0IRTCTL              
00000064  UCA0MCTL                
00000066  UCA0RXBUF               
00000065  UCA0STAT                
00000067  UCA0TXBUF               
0000006a  UCB0BR0                 
0000006b  UCB0BR1                 
00000068  UCB0CTL0                
00000069  UCB0CTL1                
0000006c  UCB0I2CIE               
00000118  UCB0I2COA               
0000011a  UCB0I2CSA               
0000006e  UCB0RXBUF               
0000006d  UCB0STAT                
0000006f  UCB0TXBUF               
0000d898  USCIAB0RX_ISR           
0000d3d4  UpdatePID               
00000120  WDTCTL                  
0000dd26  WDT_ISR                 
00000400  __STACK_END             
00000050  __STACK_SIZE            
0000e462  __TI_CINIT_Base         
0000e46a  __TI_CINIT_Limit        
0000e458  __TI_Handler_Table_Base 
0000e45e  __TI_Handler_Table_Limit
UNDEFED   __TI_INITARRAY_Base     
UNDEFED   __TI_INITARRAY_Limit    
0000dd5c  __TI_ISR_TRAP           
0000dcc4  __TI_decompress_none    
0000dd62  __TI_decompress_rle24   
0000c000  __TI_frcmpyd            
0000ffe0  __TI_int00              
0000ffe4  __TI_int02              
0000ffe6  __TI_int03              
0000ffea  __TI_int05              
0000ffec  __TI_int06              
0000ffee  __TI_int07              
0000fff0  __TI_int08              
0000fff2  __TI_int09              
0000fff4  __TI_int10              
0000fff6  __TI_int11              
0000fff8  __TI_int12              
0000fffa  __TI_int13              
0000fffc  __TI_int14              
0000dc76  __TI_zero_init          
ffffffff  __binit__               
ffffffff  __c_args__              
0000c9c4  __mspabi_addf           
0000cd34  __mspabi_divf           
0000da80  __mspabi_divi           
0000dc60  __mspabi_divu           
0000dcb2  __mspabi_fixdu          
0000d1b2  __mspabi_fixdul         
0000d36c  __mspabi_fixfi          
0000d80e  __mspabi_fixfu          
0000d994  __mspabi_fltif          
0000dd56  __mspabi_fltud          
0000db9e  __mspabi_fltuf          
0000ce54  __mspabi_fltuld         
0000dd06  __mspabi_func_epilog_1  
0000dd04  __mspabi_func_epilog_2  
0000dd02  __mspabi_func_epilog_3  
0000dd00  __mspabi_func_epilog_4  
0000dcfe  __mspabi_func_epilog_5  
0000dcfc  __mspabi_func_epilog_6  
0000dcfa  __mspabi_func_epilog_7  
0000c2f4  __mspabi_mpyd           
0000cbce  __mspabi_mpyf           
0000dc8a  __mspabi_mpyi           
0000dc8a  __mspabi_mpyi_sw        
0000db78  __mspabi_mpyl           
0000db78  __mspabi_mpyl_sw        
0000da80  __mspabi_remi           
0000dc60  __mspabi_remu           
0000daac  __mspabi_slli           
0000dad4  __mspabi_slli_1         
0000dac2  __mspabi_slli_10        
0000dac0  __mspabi_slli_11        
0000dabe  __mspabi_slli_12        
0000dabc  __mspabi_slli_13        
0000daba  __mspabi_slli_14        
0000dab8  __mspabi_slli_15        
0000dad2  __mspabi_slli_2         
0000dad0  __mspabi_slli_3         
0000dace  __mspabi_slli_4         
0000dacc  __mspabi_slli_5         
0000daca  __mspabi_slli_6         
0000dac8  __mspabi_slli_7         
0000dac6  __mspabi_slli_8         
0000dac4  __mspabi_slli_9         
0000d950  __mspabi_slll_1         
0000d92c  __mspabi_slll_10        
0000d928  __mspabi_slll_11        
0000d924  __mspabi_slll_12        
0000d920  __mspabi_slll_13        
0000d91c  __mspabi_slll_14        
0000d918  __mspabi_slll_15        
0000d94c  __mspabi_slll_2         
0000d948  __mspabi_slll_3         
0000d944  __mspabi_slll_4         
0000d940  __mspabi_slll_5         
0000d93c  __mspabi_slll_6         
0000d938  __mspabi_slll_7         
0000d934  __mspabi_slll_8         
0000d930  __mspabi_slll_9         
0000da54  __mspabi_srai           
0000da7c  __mspabi_srai_1         
0000da6a  __mspabi_srai_10        
0000da68  __mspabi_srai_11        
0000da66  __mspabi_srai_12        
0000da64  __mspabi_srai_13        
0000da62  __mspabi_srai_14        
0000da60  __mspabi_srai_15        
0000da7a  __mspabi_srai_2         
0000da78  __mspabi_srai_3         
0000da76  __mspabi_srai_4         
0000da74  __mspabi_srai_5         
0000da72  __mspabi_srai_6         
0000da70  __mspabi_srai_7         
0000da6e  __mspabi_srai_8         
0000da6c  __mspabi_srai_9         
0000d912  __mspabi_sral_1         
0000d8ee  __mspabi_sral_10        
0000d8ea  __mspabi_sral_11        
0000d8e6  __mspabi_sral_12        
0000d8e2  __mspabi_sral_13        
0000d8de  __mspabi_sral_14        
0000d8da  __mspabi_sral_15        
0000d90e  __mspabi_sral_2         
0000d90a  __mspabi_sral_3         
0000d906  __mspabi_sral_4         
0000d902  __mspabi_sral_5         
0000d8fe  __mspabi_sral_6         
0000d8fa  __mspabi_sral_7         
0000d8f6  __mspabi_sral_8         
0000d8f2  __mspabi_sral_9         
0000d7c2  __mspabi_srli           
0000d808  __mspabi_srli_1         
0000d7e4  __mspabi_srli_10        
0000d7e0  __mspabi_srli_11        
0000d7dc  __mspabi_srli_12        
0000d7d8  __mspabi_srli_13        
0000d7d4  __mspabi_srli_14        
0000d7d0  __mspabi_srli_15        
0000d804  __mspabi_srli_2         
0000d800  __mspabi_srli_3         
0000d7fc  __mspabi_srli_4         
0000d7f8  __mspabi_srli_5         
0000d7f4  __mspabi_srli_6         
0000d7f0  __mspabi_srli_7         
0000d7ec  __mspabi_srli_8         
0000d7e8  __mspabi_srli_9         
0000dcd6  __mspabi_srll           
0000d5b6  __mspabi_srll_1         
0000d580  __mspabi_srll_10        
0000d57a  __mspabi_srll_11        
0000d574  __mspabi_srll_12        
0000d56e  __mspabi_srll_13        
0000d568  __mspabi_srll_14        
0000d562  __mspabi_srll_15        
0000d5b0  __mspabi_srll_2         
0000d5aa  __mspabi_srll_3         
0000d5a4  __mspabi_srll_4         
0000d59e  __mspabi_srll_5         
0000d598  __mspabi_srll_6         
0000d592  __mspabi_srll_7         
0000d58c  __mspabi_srll_8         
0000d586  __mspabi_srll_9         
0000c9be  __mspabi_subf           
0000d61a  _auto_init              
0000dc00  _c_int00_noargs_noexit  
0000fffe  _reset_vector           
000003b0  _stack                  
0000dd68  _system_pre_init        
0000dd6c  abort                   
ffffffff  binit                   
0000dbc2  buzz                    
0000021d  click                   
00000214  cnt                     
00000216  count                   
0000dc4a  delay                   
0000db04  drawFilledRectangle     
0000cc90  drawLine                
00000228  drive                   
0000022c  duty                    
0000d298  exitScreen              
00000223  fontFlag                
0000020e  highByte                
0000d6ca  initGPIO                
0000d9fa  initSPI8                
0000d302  itoa                    
00000226  lastDrive               
0000dc1a  loadFlash               
0000d956  loadProfile             
0000020c  lowByte                 
0000c70c  main                    
0000cdce  map                     
0000021f  maxClick                
0000cfd2  maxRead                 
0000021a  maxStat                 
00000210  maxValue                
00000218  max_read                
0000dce8  memcpy                  
00000200  mode                    
0000021c  nLines                  
00000248  pMode                   
0000022a  pidFlag                 
0000022e  pidMode                 
0000caee  pidScreen               
0000024a  pixMode                 
0000ced4  plotScreen              
00000230  profileLook             
0000d672  profileScreen           
00000220  psFlag                  
00000221  pwmFlag                 
00000222  reflowFlag              
0000c562  reflowScreen            
0000d13c  relayDrive              
00000212  result                  
0000e0f4  rhosPlot                
0000021b  sPos                    
0000020a  sampCnt                 
00000202  screenNum               
0000021e  select                  
0000d502  setPixel                
00000224  setPoint                
0000dc9e  startCapture            
0000d9ca  startPwm                
0000dbe4  startSampler            
0000d720  startScreen             
0000dd48  startSecTimer           
0000dd3e  stopBuzz                
0000dad8  stopPwm                 
0000dd18  stopSampler             
0000dd32  stopSecTimer            
0000023a  time                    
0000d5be  writeFlash              


GLOBAL SYMBOLS: SORTED BY Symbol Address 

address   name                    
-------   ----                    
00000000  IE1                     
00000001  IE2                     
00000002  IFG1                    
00000003  IFG2                    
00000010  P3REN                   
00000018  P3IN                    
00000019  P3OUT                   
0000001a  P3DIR                   
0000001b  P3SEL                   
00000020  P1IN                    
00000021  P1OUT                   
00000022  P1DIR                   
00000023  P1IFG                   
00000024  P1IES                   
00000025  P1IE                    
00000026  P1SEL                   
00000027  P1REN                   
00000028  P2IN                    
00000029  P2OUT                   
0000002a  P2DIR                   
0000002b  P2IFG                   
0000002c  P2IES                   
0000002d  P2IE                    
0000002e  P2SEL                   
0000002f  P2REN                   
00000041  P1SEL2                  
00000042  P2SEL2                  
00000043  P3SEL2                  
00000048  ADC10DTC0               
00000049  ADC10DTC1               
0000004a  ADC10AE0                
00000050  __STACK_SIZE            
00000053  BCSCTL3                 
00000056  DCOCTL                  
00000057  BCSCTL1                 
00000058  BCSCTL2                 
00000059  CACTL1                  
0000005a  CACTL2                  
0000005b  CAPD                    
0000005d  UCA0ABCTL               
0000005e  UCA0IRTCTL              
0000005f  UCA0IRRCTL              
00000060  UCA0CTL0                
00000061  UCA0CTL1                
00000062  UCA0BR0                 
00000063  UCA0BR1                 
00000064  UCA0MCTL                
00000065  UCA0STAT                
00000066  UCA0RXBUF               
00000067  UCA0TXBUF               
00000068  UCB0CTL0                
00000069  UCB0CTL1                
0000006a  UCB0BR0                 
0000006b  UCB0BR1                 
0000006c  UCB0I2CIE               
0000006d  UCB0STAT                
0000006e  UCB0RXBUF               
0000006f  UCB0TXBUF               
00000118  UCB0I2COA               
0000011a  UCB0I2CSA               
0000011e  TA1IV                   
00000120  WDTCTL                  
00000128  FCTL1                   
0000012a  FCTL2                   
0000012c  FCTL3                   
0000012e  TA0IV                   
00000160  TA0CTL                  
00000162  TA0CCTL0                
00000164  TA0CCTL1                
00000166  TA0CCTL2                
00000170  TA0R                    
00000172  TA0CCR0                 
00000174  TA0CCR1                 
00000176  TA0CCR2                 
00000180  TA1CTL                  
00000182  TA1CCTL0                
00000184  TA1CCTL1                
00000186  TA1CCTL2                
00000190  TA1R                    
00000192  TA1CCR0                 
00000194  TA1CCR1                 
00000196  TA1CCR2                 
000001b0  ADC10CTL0               
000001b2  ADC10CTL1               
000001b4  ADC10MEM                
000001bc  ADC10SA                 
00000200  mode                    
00000202  screenNum               
00000204  Flash_pGain             
00000206  Flash_iGain             
00000208  Flash_dGain             
0000020a  sampCnt                 
0000020c  lowByte                 
0000020e  highByte                
00000210  maxValue                
00000212  result                  
00000214  cnt                     
00000216  count                   
00000218  max_read                
0000021a  maxStat                 
0000021b  sPos                    
0000021c  nLines                  
0000021d  click                   
0000021e  select                  
0000021f  maxClick                
00000220  psFlag                  
00000221  pwmFlag                 
00000222  reflowFlag              
00000223  fontFlag                
00000224  setPoint                
00000226  lastDrive               
00000228  drive                   
0000022a  pidFlag                 
0000022c  duty                    
0000022e  pidMode                 
00000230  profileLook             
0000023a  time                    
00000248  pMode                   
0000024a  pixMode                 
0000024c  PlantPID                
000003b0  _stack                  
00000400  __STACK_END             
000010c0  TLV_CHECKSUM            
000010da  TLV_ADC10_1_TAG         
000010db  TLV_ADC10_1_LEN         
000010f6  TLV_DCO_30_TAG          
000010f7  TLV_DCO_30_LEN          
000010f8  CALDCO_16MHZ            
000010f9  CALBC1_16MHZ            
000010fa  CALDCO_12MHZ            
000010fb  CALBC1_12MHZ            
000010fc  CALDCO_8MHZ             
000010fd  CALBC1_8MHZ             
000010fe  CALDCO_1MHZ             
000010ff  CALBC1_1MHZ             
0000c000  __TI_frcmpyd            
0000c2f4  __mspabi_mpyd           
0000c562  reflowScreen            
0000c70c  main                    
0000c88c  PORT1_ISR               
0000c9be  __mspabi_subf           
0000c9c4  __mspabi_addf           
0000caee  pidScreen               
0000cbce  __mspabi_mpyf           
0000cc90  drawLine                
0000cd34  __mspabi_divf           
0000cdce  map                     
0000ce54  __mspabi_fltuld         
0000ced4  plotScreen              
0000cf54  LcdCharacter            
0000cfd2  maxRead                 
0000d04c  LEADScreen              
0000d0c4  RoHSScreen              
0000d13c  relayDrive              
0000d1b2  __mspabi_fixdul         
0000d226  LcdInit                 
0000d298  exitScreen              
0000d302  itoa                    
0000d36c  __mspabi_fixfi          
0000d3d4  UpdatePID               
0000d43a  Scroll                  
0000d502  setPixel                
0000d562  __mspabi_srll_15        
0000d568  __mspabi_srll_14        
0000d56e  __mspabi_srll_13        
0000d574  __mspabi_srll_12        
0000d57a  __mspabi_srll_11        
0000d580  __mspabi_srll_10        
0000d586  __mspabi_srll_9         
0000d58c  __mspabi_srll_8         
0000d592  __mspabi_srll_7         
0000d598  __mspabi_srll_6         
0000d59e  __mspabi_srll_5         
0000d5a4  __mspabi_srll_4         
0000d5aa  __mspabi_srll_3         
0000d5b0  __mspabi_srll_2         
0000d5b6  __mspabi_srll_1         
0000d5be  writeFlash              
0000d61a  _auto_init              
0000d672  profileScreen           
0000d6ca  initGPIO                
0000d720  startScreen             
0000d774  TIMER1_A1_ISR           
0000d7c2  __mspabi_srli           
0000d7d0  __mspabi_srli_15        
0000d7d4  __mspabi_srli_14        
0000d7d8  __mspabi_srli_13        
0000d7dc  __mspabi_srli_12        
0000d7e0  __mspabi_srli_11        
0000d7e4  __mspabi_srli_10        
0000d7e8  __mspabi_srli_9         
0000d7ec  __mspabi_srli_8         
0000d7f0  __mspabi_srli_7         
0000d7f4  __mspabi_srli_6         
0000d7f8  __mspabi_srli_5         
0000d7fc  __mspabi_srli_4         
0000d800  __mspabi_srli_3         
0000d804  __mspabi_srli_2         
0000d808  __mspabi_srli_1         
0000d80e  __mspabi_fixfu          
0000d854  LcdClear                
0000d898  USCIAB0RX_ISR           
0000d8da  __mspabi_sral_15        
0000d8de  __mspabi_sral_14        
0000d8e2  __mspabi_sral_13        
0000d8e6  __mspabi_sral_12        
0000d8ea  __mspabi_sral_11        
0000d8ee  __mspabi_sral_10        
0000d8f2  __mspabi_sral_9         
0000d8f6  __mspabi_sral_8         
0000d8fa  __mspabi_sral_7         
0000d8fe  __mspabi_sral_6         
0000d902  __mspabi_sral_5         
0000d906  __mspabi_sral_4         
0000d90a  __mspabi_sral_3         
0000d90e  __mspabi_sral_2         
0000d912  __mspabi_sral_1         
0000d918  __mspabi_slll_15        
0000d91c  __mspabi_slll_14        
0000d920  __mspabi_slll_13        
0000d924  __mspabi_slll_12        
0000d928  __mspabi_slll_11        
0000d92c  __mspabi_slll_10        
0000d930  __mspabi_slll_9         
0000d934  __mspabi_slll_8         
0000d938  __mspabi_slll_7         
0000d93c  __mspabi_slll_6         
0000d940  __mspabi_slll_5         
0000d944  __mspabi_slll_4         
0000d948  __mspabi_slll_3         
0000d94c  __mspabi_slll_2         
0000d950  __mspabi_slll_1         
0000d956  loadProfile             
0000d994  __mspabi_fltif          
0000d9ca  startPwm                
0000d9fa  initSPI8                
0000da28  LcdWrite                
0000da54  __mspabi_srai           
0000da60  __mspabi_srai_15        
0000da62  __mspabi_srai_14        
0000da64  __mspabi_srai_13        
0000da66  __mspabi_srai_12        
0000da68  __mspabi_srai_11        
0000da6a  __mspabi_srai_10        
0000da6c  __mspabi_srai_9         
0000da6e  __mspabi_srai_8         
0000da70  __mspabi_srai_7         
0000da72  __mspabi_srai_6         
0000da74  __mspabi_srai_5         
0000da76  __mspabi_srai_4         
0000da78  __mspabi_srai_3         
0000da7a  __mspabi_srai_2         
0000da7c  __mspabi_srai_1         
0000da80  __mspabi_divi           
0000da80  __mspabi_remi           
0000daac  __mspabi_slli           
0000dab8  __mspabi_slli_15        
0000daba  __mspabi_slli_14        
0000dabc  __mspabi_slli_13        
0000dabe  __mspabi_slli_12        
0000dac0  __mspabi_slli_11        
0000dac2  __mspabi_slli_10        
0000dac4  __mspabi_slli_9         
0000dac6  __mspabi_slli_8         
0000dac8  __mspabi_slli_7         
0000daca  __mspabi_slli_6         
0000dacc  __mspabi_slli_5         
0000dace  __mspabi_slli_4         
0000dad0  __mspabi_slli_3         
0000dad2  __mspabi_slli_2         
0000dad4  __mspabi_slli_1         
0000dad8  stopPwm                 
0000db04  drawFilledRectangle     
0000db2c  LcdBmp                  
0000db52  LcdGotoXY               
0000db78  __mspabi_mpyl           
0000db78  __mspabi_mpyl_sw        
0000db9e  __mspabi_fltuf          
0000dbc2  buzz                    
0000dbe4  startSampler            
0000dc00  _c_int00_noargs_noexit  
0000dc1a  loadFlash               
0000dc34  LcdString               
0000dc4a  delay                   
0000dc60  __mspabi_divu           
0000dc60  __mspabi_remu           
0000dc76  __TI_zero_init          
0000dc8a  __mspabi_mpyi           
0000dc8a  __mspabi_mpyi_sw        
0000dc9e  startCapture            
0000dcb2  __mspabi_fixdu          
0000dcc4  __TI_decompress_none    
0000dcd6  __mspabi_srll           
0000dce8  memcpy                  
0000dcfa  __mspabi_func_epilog_7  
0000dcfc  __mspabi_func_epilog_6  
0000dcfe  __mspabi_func_epilog_5  
0000dd00  __mspabi_func_epilog_4  
0000dd02  __mspabi_func_epilog_3  
0000dd04  __mspabi_func_epilog_2  
0000dd06  __mspabi_func_epilog_1  
0000dd0a  LcdClearSome            
0000dd18  stopSampler             
0000dd26  WDT_ISR                 
0000dd32  stopSecTimer            
0000dd3e  stopBuzz                
0000dd48  startSecTimer           
0000dd50  TIMER0_A0_ISR           
0000dd56  __mspabi_fltud          
0000dd5c  __TI_ISR_TRAP           
0000dd62  __TI_decompress_rle24   
0000dd68  _system_pre_init        
0000dd6c  C$$EXIT                 
0000dd6c  abort                   
0000e0f4  rhosPlot                
0000e458  __TI_Handler_Table_Base 
0000e45e  __TI_Handler_Table_Limit
0000e462  __TI_CINIT_Base         
0000e46a  __TI_CINIT_Limit        
0000ffe0  __TI_int00              
0000ffe4  __TI_int02              
0000ffe6  __TI_int03              
0000ffea  __TI_int05              
0000ffec  __TI_int06              
0000ffee  __TI_int07              
0000fff0  __TI_int08              
0000fff2  __TI_int09              
0000fff4  __TI_int10              
0000fff6  __TI_int11              
0000fff8  __TI_int12              
0000fffa  __TI_int13              
0000fffc  __TI_int14              
0000fffe  _reset_vector           
ffffffff  __binit__               
ffffffff  __c_args__              
ffffffff  binit                   
UNDEFED   __TI_INITARRAY_Base     
UNDEFED   __TI_INITARRAY_Limit    

[338 symbols]
