******************************************************************************
                  MSP430 Linker PC v4.4.6                      
******************************************************************************
>> Linked Mon Feb 29 22:37:17 2016

OUTPUT FILE NAME:   <reflowOven.out>
ENTRY POINT SYMBOL: "_c_int00_noargs_noexit"  address: 0000e694


MEMORY CONFIGURATION

         name            origin    length      used     unused   attr    fill
----------------------  --------  ---------  --------  --------  ----  --------
  SFR                   00000000   00000010  00000000  00000010  RWIX
  PERIPHERALS_8BIT      00000010   000000f0  00000000  000000f0  RWIX
  PERIPHERALS_16BIT     00000100   00000100  00000000  00000100  RWIX
  RAM                   00000200   00000200  000000c1  0000013f  RWIX
  INFOD                 00001000   00000040  00000000  00000040  RWIX
  INFOC                 00001040   00000040  00000000  00000040  RWIX
  INFOB                 00001080   00000040  00000000  00000040  RWIX
  INFOA                 000010c0   00000040  00000000  00000040  RWIX
  FLASH                 0000c000   00003fe0  00002f0e  000010d2  RWIX
  INT00                 0000ffe0   00000002  00000002  00000000  RWIX
  INT01                 0000ffe2   00000002  00000000  00000002  RWIX
  INT02                 0000ffe4   00000002  00000002  00000000  RWIX
  INT03                 0000ffe6   00000002  00000002  00000000  RWIX
  INT04                 0000ffe8   00000002  00000000  00000002  RWIX
  INT05                 0000ffea   00000002  00000002  00000000  RWIX
  INT06                 0000ffec   00000002  00000002  00000000  RWIX
  INT07                 0000ffee   00000002  00000002  00000000  RWIX
  INT08                 0000fff0   00000002  00000002  00000000  RWIX
  INT09                 0000fff2   00000002  00000002  00000000  RWIX
  INT10                 0000fff4   00000002  00000002  00000000  RWIX
  INT11                 0000fff6   00000002  00000002  00000000  RWIX
  INT12                 0000fff8   00000002  00000002  00000000  RWIX
  INT13                 0000fffa   00000002  00000002  00000000  RWIX
  INT14                 0000fffc   00000002  00000002  00000000  RWIX
  RESET                 0000fffe   00000002  00000002  00000000  RWIX


SECTION ALLOCATION MAP

 output                                  attributes/
section   page    origin      length       input sections
--------  ----  ----------  ----------   ----------------
.data      0    00000200    0000004f     UNINITIALIZED
                  00000200    00000034     main.obj (.data)
                  00000234    0000000a     main.obj (.data:profileLook)
                  0000023e    00000008     main.obj (.data:time)
                  00000246    00000005     main.obj (.data:aCount)
                  0000024b    00000001     --HOLE--
                  0000024c    00000003     nokia5110.obj (.data)

.bss       0    00000250    00000022     UNINITIALIZED
                  00000250    0000001c     (.common:PlantPID)
                  0000026c    00000006     (.common:tempInC)

.TI.persistent 
*          0    00000200    00000000     UNINITIALIZED

.stack     0    000003b0    00000050     UNINITIALIZED
                  000003b0    00000002     rts430_eabi.lib : boot.obj (.stack)
                  000003b2    0000004e     --HOLE--

.text      0    0000c000    00002814     
                  0000c000    000002f4     rts430_eabi.lib : frcmpyd.obj (.text:__TI_frcmpyd)
                  0000c2f4    000002e8                     : addd.obj (.text:__mspabi_addd)
                  0000c5dc    0000026e                     : mpyd.obj (.text:__mspabi_mpyd)
                  0000c84a    00000260                     : frcaddd.obj (.text:__TI_frcaddd)
                  0000caaa    0000022c     main.obj (.text:PORT1_ISR)
                  0000ccd6    000001b6     main.obj (.text:main)
                  0000ce8c    000001b2     main.obj (.text:reflowScreen)
                  0000d03e    00000130     rts430_eabi.lib : fs_add.obj (.text)
                  0000d16e    00000104     pid.obj (.text:UpdatePID)
                  0000d272    000000f8     main.obj (.text:ftoa)
                  0000d36a    000000f6     main.obj (.text:pidScreen)
                  0000d460    000000c2     rts430_eabi.lib : fs_mpy.obj (.text)
                  0000d522    000000be                     : renormd.obj (.text:__TI_renormd)
                  0000d5e0    000000a4     nokia5110.obj (.text:drawLine)
                  0000d684    0000009a     rts430_eabi.lib : fs_div.obj (.text)
                  0000d71e    00000098     main.obj (.text:relayDrive)
                  0000d7b6    0000008c     rts430_eabi.lib : cvtdf.obj (.text:__mspabi_cvtdf)
                  0000d842    00000086     nokia5110.obj (.text:map)
                  0000d8c8    00000080     rts430_eabi.lib : fltuld.obj (.text:__mspabi_fltuld)
                  0000d948    00000080     nokia5110.obj (.text:plotScreen)
                  0000d9c8    0000007e     nokia5110.obj (.text:LcdCharacter)
                  0000da46    0000007a     main.obj (.text:maxRead)
                  0000dac0    0000007a     main.obj (.text:writeFlash)
                  0000db3a    00000078     main.obj (.text:LEADScreen)
                  0000dbb2    00000078     main.obj (.text:RoHSScreen)
                  0000dc2a    00000074     rts430_eabi.lib : fixdul.obj (.text:__mspabi_fixdul)
                  0000dc9e    00000072     nokia5110.obj (.text:LcdInit)
                  0000dd10    0000006a     main.obj (.text:exitScreen)
                  0000dd7a    0000006a     main.obj (.text:itoa)
                  0000dde4    00000068     rts430_eabi.lib : cvtfd.obj (.text:__mspabi_cvtfd)
                  0000de4c    00000068                     : fs_toi.obj (.text)
                  0000deb4    00000064     main.obj (.text:Scroll)
                  0000df18    00000064     rts430_eabi.lib : copy_decompress_rle.obj (.text:__TI_decompress_rle_core)
                  0000df7c    00000060     nokia5110.obj (.text:setPixel)
                  0000dfdc    0000005c     rts430_eabi.lib : lsr32.obj (.text:l_lsr_const)
                  0000e038    00000058                     : autoinit.obj (.text:_auto_init)
                  0000e090    00000058     main.obj (.text:profileScreen)
                  0000e0e8    00000056     main.obj (.text:initGPIO)
                  0000e13e    00000054     main.obj (.text:startScreen)
                  0000e192    0000004e     main.obj (.text:TIMER1_A1_ISR)
                  0000e1e0    0000004c     rts430_eabi.lib : lsr16.obj (.text)
                  0000e22c    0000004a                     : fs_cmp.obj (.text)
                  0000e276    00000046                     : fs_tou.obj (.text)
                  0000e2bc    00000044     nokia5110.obj (.text:LcdClear)
                  0000e300    00000042     main.obj (.text:USCIAB0RX_ISR)
                  0000e342    0000003e     rts430_eabi.lib : asr32.obj (.text:l_asr_const)
                  0000e380    0000003e                     : lsl32.obj (.text:l_lsl_const)
                  0000e3be    0000003e     main.obj (.text:loadProfile)
                  0000e3fc    00000034     main.obj (.text:loadFlash)
                  0000e430    00000030     main.obj (.text:startPwm)
                  0000e460    0000002e     rts430_eabi.lib : subd.obj (.text:__mspabi_subd)
                  0000e48e    0000002e     spi.obj (.text:initSPI8)
                  0000e4bc    0000002c     nokia5110.obj (.text:LcdWrite)
                  0000e4e8    0000002c     rts430_eabi.lib : asr16.obj (.text)
                  0000e514    0000002c                     : div16s.obj (.text)
                  0000e540    0000002c                     : lsl16.obj (.text)
                  0000e56c    0000002c     main.obj (.text:stopPwm)
                  0000e598    00000028     nokia5110.obj (.text:drawFilledRectangle)
                  0000e5c0    00000026     nokia5110.obj (.text:LcdBmp)
                  0000e5e6    00000026     nokia5110.obj (.text:LcdGotoXY)
                  0000e60c    00000026     rts430_eabi.lib : mult32.obj (.text)
                  0000e632    00000024                     : fs_utof.obj (.text)
                  0000e656    00000022     main.obj (.text:buzz)
                  0000e678    0000001c     main.obj (.text:startSampler)
                  0000e694    0000001a     rts430_eabi.lib : boot_special.obj (.text:_c_int00_noargs_noexit)
                  0000e6ae    00000016     nokia5110.obj (.text:LcdString)
                  0000e6c4    00000016     delay.obj (.text:delay)
                  0000e6da    00000016     rts430_eabi.lib : div16u.obj (.text)
                  0000e6f0    00000014                     : copy_zero_init.obj (.text:decompress:ZI:__TI_zero_init)
                  0000e704    00000014                     : mult16.obj (.text)
                  0000e718    00000014     main.obj (.text:startCapture)
                  0000e72c    00000012     rts430_eabi.lib : fixdu.obj (.text:__mspabi_fixdu)
                  0000e73e    00000012                     : copy_decompress_none.obj (.text:decompress:none:__TI_decompress_none)
                  0000e750    00000012                     : lsr32.obj (.text:l_lsr)
                  0000e762    00000012                     : memcpy.obj (.text:memcpy)
                  0000e774    00000010                     : asr32.obj (.text:l_asr)
                  0000e784    00000010                     : lsl32.obj (.text:l_lsl)
                  0000e794    00000010                     : epilog.obj (.text)
                  0000e7a4    0000000e     nokia5110.obj (.text:LcdClearSome)
                  0000e7b2    0000000e     main.obj (.text:stopSampler)
                  0000e7c0    0000000c     main.obj (.text:WDT_ISR)
                  0000e7cc    0000000c     main.obj (.text:stopSecTimer)
                  0000e7d8    0000000a     rts430_eabi.lib : fs_neg.obj (.text)
                  0000e7e2    0000000a     main.obj (.text:stopBuzz)
                  0000e7ec    00000008     main.obj (.text:startSecTimer)
                  0000e7f4    00000006     main.obj (.text:TIMER0_A0_ISR)
                  0000e7fa    00000006     rts430_eabi.lib : fltud.obj (.text:__mspabi_fltud)
                  0000e800    00000006                     : isr_trap.obj (.text:_isr:__TI_ISR_TRAP)
                  0000e806    00000006                     : copy_decompress_rle.obj (.text:decompress:rle24:__TI_decompress_rle24)
                  0000e80c    00000004                     : pre_init.obj (.text:_system_pre_init)
                  0000e810    00000004                     : exit.obj (.text:abort)

.const     0    0000e814    000006d0     
                  0000e814    000001e0     nokia5110.obj (.const:font5x7)
                  0000e9f4    000001a4     main.obj (.const:.string:leadPlot)
                  0000eb98    000001a4     main.obj (.const:.string:rhosPlot)
                  0000ed3c    000000be     nokia5110.obj (.const:font3x5)
                  0000edfa    000000b4     main.obj (.const:.string)
                  0000eeae    0000000d     main.obj (.const:.string:modeLookUp)
                  0000eebb    00000001     --HOLE-- [fill = 0]
                  0000eebc    0000000a     main.obj (.const:RohsLook)
                  0000eec6    0000000a     main.obj (.const:RohsTime)
                  0000eed0    0000000a     main.obj (.const:leadLook)
                  0000eeda    0000000a     main.obj (.const:leadTime)

.cinit     0    0000eee4    0000002a     
                  0000eee4    00000017     (.cinit..data.load) [load image, compression = rle]
                  0000eefb    00000001     --HOLE-- [fill = 0]
                  0000eefc    00000006     (__TI_handler_table)
                  0000ef02    00000004     (.cinit..bss.load) [load image, compression = zero_init]
                  0000ef06    00000008     (__TI_cinit_table)

.init_array 
*          0    0000c000    00000000     UNINITIALIZED

TRAPINT    0    0000ffe0    00000002     
                  0000ffe0    00000002     rts430_eabi.lib : int00.obj (.int00)

PORT1      0    0000ffe4    00000002     
                  0000ffe4    00000002     main.obj (.int02)

PORT2      0    0000ffe6    00000002     
                  0000ffe6    00000002     rts430_eabi.lib : int03.obj (.int03)

ADC10      0    0000ffea    00000002     
                  0000ffea    00000002     rts430_eabi.lib : int05.obj (.int05)

USCIAB0TX 
*          0    0000ffec    00000002     
                  0000ffec    00000002     rts430_eabi.lib : int06.obj (.int06)

USCIAB0RX 
*          0    0000ffee    00000002     
                  0000ffee    00000002     main.obj (.int07)

TIMER0_A1 
*          0    0000fff0    00000002     
                  0000fff0    00000002     rts430_eabi.lib : int08.obj (.int08)

TIMER0_A0 
*          0    0000fff2    00000002     
                  0000fff2    00000002     main.obj (.int09)

WDT        0    0000fff4    00000002     
                  0000fff4    00000002     main.obj (.int10)

COMPARATORA 
*          0    0000fff6    00000002     
                  0000fff6    00000002     rts430_eabi.lib : int11.obj (.int11)

TIMER1_A1 
*          0    0000fff8    00000002     
                  0000fff8    00000002     main.obj (.int12)

TIMER1_A0 
*          0    0000fffa    00000002     
                  0000fffa    00000002     rts430_eabi.lib : int13.obj (.int13)

NMI        0    0000fffc    00000002     
                  0000fffc    00000002     rts430_eabi.lib : int14.obj (.int14)

.reset     0    0000fffe    00000002     
                  0000fffe    00000002     rts430_eabi.lib : boot.obj (.reset)


LINKER GENERATED COPY TABLES

__TI_cinit_table @ 0000ef06 records: 2, size/record: 4, table size: 8
	.data: load addr=0000eee4, load size=00000017 bytes, run addr=00000200, run size=0000004f bytes, compression=rle
	.bss: load addr=0000ef02, load size=00000004 bytes, run addr=00000250, run size=00000022 bytes, compression=zero_init


LINKER GENERATED HANDLER TABLE

__TI_handler_table @ 0000eefc records: 3, size/record: 2, table size: 6
	index: 0, handler: __TI_zero_init
	index: 1, handler: __TI_decompress_rle24
	index: 2, handler: __TI_decompress_none


GLOBAL SYMBOLS: SORTED ALPHABETICALLY BY Name 

address   name                    
-------   ----                    
0000004a  ADC10AE0                
000001b0  ADC10CTL0               
000001b2  ADC10CTL1               
00000048  ADC10DTC0               
00000049  ADC10DTC1               
000001b4  ADC10MEM                
000001bc  ADC10SA                 
00000057  BCSCTL1                 
00000058  BCSCTL2                 
00000053  BCSCTL3                 
0000e810  C$$EXIT                 
00000059  CACTL1                  
0000005a  CACTL2                  
000010fb  CALBC1_12MHZ            
000010f9  CALBC1_16MHZ            
000010ff  CALBC1_1MHZ             
000010fd  CALBC1_8MHZ             
000010fa  CALDCO_12MHZ            
000010f8  CALDCO_16MHZ            
000010fe  CALDCO_1MHZ             
000010fc  CALDCO_8MHZ             
0000005b  CAPD                    
00000056  DCOCTL                  
00000128  FCTL1                   
0000012a  FCTL2                   
0000012c  FCTL3                   
00000208  Flash_dGain             
00000206  Flash_iGain             
00000204  Flash_pGain             
00000000  IE1                     
00000001  IE2                     
00000002  IFG1                    
00000003  IFG2                    
0000db3a  LEADScreen              
0000e5c0  LcdBmp                  
0000d9c8  LcdCharacter            
0000e2bc  LcdClear                
0000e7a4  LcdClearSome            
0000e5e6  LcdGotoXY               
0000dc9e  LcdInit                 
0000e6ae  LcdString               
0000e4bc  LcdWrite                
00000022  P1DIR                   
00000025  P1IE                    
00000024  P1IES                   
00000023  P1IFG                   
00000020  P1IN                    
00000021  P1OUT                   
00000027  P1REN                   
00000026  P1SEL                   
00000041  P1SEL2                  
0000002a  P2DIR                   
0000002d  P2IE                    
0000002c  P2IES                   
0000002b  P2IFG                   
00000028  P2IN                    
00000029  P2OUT                   
0000002f  P2REN                   
0000002e  P2SEL                   
00000042  P2SEL2                  
0000001a  P3DIR                   
00000018  P3IN                    
00000019  P3OUT                   
00000010  P3REN                   
0000001b  P3SEL                   
00000043  P3SEL2                  
0000caaa  PORT1_ISR               
00000250  PlantPID                
0000dbb2  RoHSScreen              
0000deb4  Scroll                  
00000172  TA0CCR0                 
00000174  TA0CCR1                 
00000176  TA0CCR2                 
00000162  TA0CCTL0                
00000164  TA0CCTL1                
00000166  TA0CCTL2                
00000160  TA0CTL                  
0000012e  TA0IV                   
00000170  TA0R                    
00000192  TA1CCR0                 
00000194  TA1CCR1                 
00000196  TA1CCR2                 
00000182  TA1CCTL0                
00000184  TA1CCTL1                
00000186  TA1CCTL2                
00000180  TA1CTL                  
0000011e  TA1IV                   
00000190  TA1R                    
0000e7f4  TIMER0_A0_ISR           
0000e192  TIMER1_A1_ISR           
000010db  TLV_ADC10_1_LEN         
000010da  TLV_ADC10_1_TAG         
000010c0  TLV_CHECKSUM            
000010f7  TLV_DCO_30_LEN          
000010f6  TLV_DCO_30_TAG          
0000005d  UCA0ABCTL               
00000062  UCA0BR0                 
00000063  UCA0BR1                 
00000060  UCA0CTL0                
00000061  UCA0CTL1                
0000005f  UCA0IRRCTL              
0000005e  UCA0IRTCTL              
00000064  UCA0MCTL                
00000066  UCA0RXBUF               
00000065  UCA0STAT                
00000067  UCA0TXBUF               
0000006a  UCB0BR0                 
0000006b  UCB0BR1                 
00000068  UCB0CTL0                
00000069  UCB0CTL1                
0000006c  UCB0I2CIE               
00000118  UCB0I2COA               
0000011a  UCB0I2CSA               
0000006e  UCB0RXBUF               
0000006d  UCB0STAT                
0000006f  UCB0TXBUF               
0000e300  USCIAB0RX_ISR           
0000d16e  UpdatePID               
00000120  WDTCTL                  
0000e7c0  WDT_ISR                 
00000400  __STACK_END             
00000050  __STACK_SIZE            
0000ef06  __TI_CINIT_Base         
0000ef0e  __TI_CINIT_Limit        
0000eefc  __TI_Handler_Table_Base 
0000ef02  __TI_Handler_Table_Limit
UNDEFED   __TI_INITARRAY_Base     
UNDEFED   __TI_INITARRAY_Limit    
0000e800  __TI_ISR_TRAP           
0000e73e  __TI_decompress_none    
0000e806  __TI_decompress_rle24   
0000c84a  __TI_frcaddd            
0000c000  __TI_frcmpyd            
0000ffe0  __TI_int00              
0000ffe4  __TI_int02              
0000ffe6  __TI_int03              
0000ffea  __TI_int05              
0000ffec  __TI_int06              
0000ffee  __TI_int07              
0000fff0  __TI_int08              
0000fff2  __TI_int09              
0000fff4  __TI_int10              
0000fff6  __TI_int11              
0000fff8  __TI_int12              
0000fffa  __TI_int13              
0000fffc  __TI_int14              
0000d522  __TI_renormd            
0000e6f0  __TI_zero_init          
ffffffff  __binit__               
ffffffff  __c_args__              
0000c2f4  __mspabi_addd           
0000d044  __mspabi_addf           
0000e22c  __mspabi_cmpf           
0000d7b6  __mspabi_cvtdf          
0000dde4  __mspabi_cvtfd          
0000d684  __mspabi_divf           
0000e514  __mspabi_divi           
0000e6da  __mspabi_divu           
0000e72c  __mspabi_fixdu          
0000dc2a  __mspabi_fixdul         
0000de4c  __mspabi_fixfi          
0000e276  __mspabi_fixfu          
0000e7fa  __mspabi_fltud          
0000e632  __mspabi_fltuf          
0000d8c8  __mspabi_fltuld         
0000e7a0  __mspabi_func_epilog_1  
0000e79e  __mspabi_func_epilog_2  
0000e79c  __mspabi_func_epilog_3  
0000e79a  __mspabi_func_epilog_4  
0000e798  __mspabi_func_epilog_5  
0000e796  __mspabi_func_epilog_6  
0000e794  __mspabi_func_epilog_7  
0000c5dc  __mspabi_mpyd           
0000d460  __mspabi_mpyf           
0000e704  __mspabi_mpyi           
0000e704  __mspabi_mpyi_sw        
0000e60c  __mspabi_mpyl           
0000e60c  __mspabi_mpyl_sw        
0000e7d8  __mspabi_negf           
0000e514  __mspabi_remi           
0000e6da  __mspabi_remu           
0000e540  __mspabi_slli           
0000e568  __mspabi_slli_1         
0000e556  __mspabi_slli_10        
0000e554  __mspabi_slli_11        
0000e552  __mspabi_slli_12        
0000e550  __mspabi_slli_13        
0000e54e  __mspabi_slli_14        
0000e54c  __mspabi_slli_15        
0000e566  __mspabi_slli_2         
0000e564  __mspabi_slli_3         
0000e562  __mspabi_slli_4         
0000e560  __mspabi_slli_5         
0000e55e  __mspabi_slli_6         
0000e55c  __mspabi_slli_7         
0000e55a  __mspabi_slli_8         
0000e558  __mspabi_slli_9         
0000e784  __mspabi_slll           
0000e3b8  __mspabi_slll_1         
0000e394  __mspabi_slll_10        
0000e390  __mspabi_slll_11        
0000e38c  __mspabi_slll_12        
0000e388  __mspabi_slll_13        
0000e384  __mspabi_slll_14        
0000e380  __mspabi_slll_15        
0000e3b4  __mspabi_slll_2         
0000e3b0  __mspabi_slll_3         
0000e3ac  __mspabi_slll_4         
0000e3a8  __mspabi_slll_5         
0000e3a4  __mspabi_slll_6         
0000e3a0  __mspabi_slll_7         
0000e39c  __mspabi_slll_8         
0000e398  __mspabi_slll_9         
0000e4e8  __mspabi_srai           
0000e510  __mspabi_srai_1         
0000e4fe  __mspabi_srai_10        
0000e4fc  __mspabi_srai_11        
0000e4fa  __mspabi_srai_12        
0000e4f8  __mspabi_srai_13        
0000e4f6  __mspabi_srai_14        
0000e4f4  __mspabi_srai_15        
0000e50e  __mspabi_srai_2         
0000e50c  __mspabi_srai_3         
0000e50a  __mspabi_srai_4         
0000e508  __mspabi_srai_5         
0000e506  __mspabi_srai_6         
0000e504  __mspabi_srai_7         
0000e502  __mspabi_srai_8         
0000e500  __mspabi_srai_9         
0000e774  __mspabi_sral           
0000e37a  __mspabi_sral_1         
0000e356  __mspabi_sral_10        
0000e352  __mspabi_sral_11        
0000e34e  __mspabi_sral_12        
0000e34a  __mspabi_sral_13        
0000e346  __mspabi_sral_14        
0000e342  __mspabi_sral_15        
0000e376  __mspabi_sral_2         
0000e372  __mspabi_sral_3         
0000e36e  __mspabi_sral_4         
0000e36a  __mspabi_sral_5         
0000e366  __mspabi_sral_6         
0000e362  __mspabi_sral_7         
0000e35e  __mspabi_sral_8         
0000e35a  __mspabi_sral_9         
0000e1e0  __mspabi_srli           
0000e226  __mspabi_srli_1         
0000e202  __mspabi_srli_10        
0000e1fe  __mspabi_srli_11        
0000e1fa  __mspabi_srli_12        
0000e1f6  __mspabi_srli_13        
0000e1f2  __mspabi_srli_14        
0000e1ee  __mspabi_srli_15        
0000e222  __mspabi_srli_2         
0000e21e  __mspabi_srli_3         
0000e21a  __mspabi_srli_4         
0000e216  __mspabi_srli_5         
0000e212  __mspabi_srli_6         
0000e20e  __mspabi_srli_7         
0000e20a  __mspabi_srli_8         
0000e206  __mspabi_srli_9         
0000e750  __mspabi_srll           
0000e030  __mspabi_srll_1         
0000dffa  __mspabi_srll_10        
0000dff4  __mspabi_srll_11        
0000dfee  __mspabi_srll_12        
0000dfe8  __mspabi_srll_13        
0000dfe2  __mspabi_srll_14        
0000dfdc  __mspabi_srll_15        
0000e02a  __mspabi_srll_2         
0000e024  __mspabi_srll_3         
0000e01e  __mspabi_srll_4         
0000e018  __mspabi_srll_5         
0000e012  __mspabi_srll_6         
0000e00c  __mspabi_srll_7         
0000e006  __mspabi_srll_8         
0000e000  __mspabi_srll_9         
0000e460  __mspabi_subd           
0000d03e  __mspabi_subf           
0000e038  _auto_init              
0000e694  _c_int00_noargs_noexit  
0000fffe  _reset_vector           
000003b0  _stack                  
0000e80c  _system_pre_init        
0000e810  abort                   
ffffffff  binit                   
0000e656  buzz                    
0000021d  click                   
00000214  cnt                     
00000216  count                   
0000e6c4  delay                   
0000e598  drawFilledRectangle     
0000d5e0  drawLine                
0000022a  drive                   
00000230  duty                    
0000dd10  exitScreen              
00000223  fontFlag                
0000d272  ftoa                    
0000020e  highByte                
0000e0e8  initGPIO                
0000e48e  initSPI8                
0000dd7a  itoa                    
00000226  lastDrive               
0000e3fc  loadFlash               
0000e3be  loadProfile             
0000020c  lowByte                 
0000ccd6  main                    
0000d842  map                     
0000021f  maxClick                
0000da46  maxRead                 
0000021a  maxStat                 
00000210  maxValue                
00000218  max_read                
0000e762  memcpy                  
00000200  mode                    
0000021c  nLines                  
0000024c  pMode                   
0000022e  pidFlag                 
00000232  pidMode                 
0000d36a  pidScreen               
0000024e  pixMode                 
0000d948  plotScreen              
00000234  profileLook             
0000e090  profileScreen           
00000220  psFlag                  
00000221  pwmFlag                 
00000222  reflowFlag              
0000ce8c  reflowScreen            
0000d71e  relayDrive              
00000212  result                  
0000eb98  rhosPlot                
0000021b  sPos                    
0000020a  sampCnt                 
00000202  screenNum               
0000021e  select                  
0000df7c  setPixel                
00000224  setPoint                
0000e718  startCapture            
0000e430  startPwm                
0000e678  startSampler            
0000e13e  startScreen             
0000e7ec  startSecTimer           
0000e7e2  stopBuzz                
0000e56c  stopPwm                 
0000e7b2  stopSampler             
0000e7cc  stopSecTimer            
0000023e  time                    
0000dac0  writeFlash              


GLOBAL SYMBOLS: SORTED BY Symbol Address 

address   name                    
-------   ----                    
00000000  IE1                     
00000001  IE2                     
00000002  IFG1                    
00000003  IFG2                    
00000010  P3REN                   
00000018  P3IN                    
00000019  P3OUT                   
0000001a  P3DIR                   
0000001b  P3SEL                   
00000020  P1IN                    
00000021  P1OUT                   
00000022  P1DIR                   
00000023  P1IFG                   
00000024  P1IES                   
00000025  P1IE                    
00000026  P1SEL                   
00000027  P1REN                   
00000028  P2IN                    
00000029  P2OUT                   
0000002a  P2DIR                   
0000002b  P2IFG                   
0000002c  P2IES                   
0000002d  P2IE                    
0000002e  P2SEL                   
0000002f  P2REN                   
00000041  P1SEL2                  
00000042  P2SEL2                  
00000043  P3SEL2                  
00000048  ADC10DTC0               
00000049  ADC10DTC1               
0000004a  ADC10AE0                
00000050  __STACK_SIZE            
00000053  BCSCTL3                 
00000056  DCOCTL                  
00000057  BCSCTL1                 
00000058  BCSCTL2                 
00000059  CACTL1                  
0000005a  CACTL2                  
0000005b  CAPD                    
0000005d  UCA0ABCTL               
0000005e  UCA0IRTCTL              
0000005f  UCA0IRRCTL              
00000060  UCA0CTL0                
00000061  UCA0CTL1                
00000062  UCA0BR0                 
00000063  UCA0BR1                 
00000064  UCA0MCTL                
00000065  UCA0STAT                
00000066  UCA0RXBUF               
00000067  UCA0TXBUF               
00000068  UCB0CTL0                
00000069  UCB0CTL1                
0000006a  UCB0BR0                 
0000006b  UCB0BR1                 
0000006c  UCB0I2CIE               
0000006d  UCB0STAT                
0000006e  UCB0RXBUF               
0000006f  UCB0TXBUF               
00000118  UCB0I2COA               
0000011a  UCB0I2CSA               
0000011e  TA1IV                   
00000120  WDTCTL                  
00000128  FCTL1                   
0000012a  FCTL2                   
0000012c  FCTL3                   
0000012e  TA0IV                   
00000160  TA0CTL                  
00000162  TA0CCTL0                
00000164  TA0CCTL1                
00000166  TA0CCTL2                
00000170  TA0R                    
00000172  TA0CCR0                 
00000174  TA0CCR1                 
00000176  TA0CCR2                 
00000180  TA1CTL                  
00000182  TA1CCTL0                
00000184  TA1CCTL1                
00000186  TA1CCTL2                
00000190  TA1R                    
00000192  TA1CCR0                 
00000194  TA1CCR1                 
00000196  TA1CCR2                 
000001b0  ADC10CTL0               
000001b2  ADC10CTL1               
000001b4  ADC10MEM                
000001bc  ADC10SA                 
00000200  mode                    
00000202  screenNum               
00000204  Flash_pGain             
00000206  Flash_iGain             
00000208  Flash_dGain             
0000020a  sampCnt                 
0000020c  lowByte                 
0000020e  highByte                
00000210  maxValue                
00000212  result                  
00000214  cnt                     
00000216  count                   
00000218  max_read                
0000021a  maxStat                 
0000021b  sPos                    
0000021c  nLines                  
0000021d  click                   
0000021e  select                  
0000021f  maxClick                
00000220  psFlag                  
00000221  pwmFlag                 
00000222  reflowFlag              
00000223  fontFlag                
00000224  setPoint                
00000226  lastDrive               
0000022a  drive                   
0000022e  pidFlag                 
00000230  duty                    
00000232  pidMode                 
00000234  profileLook             
0000023e  time                    
0000024c  pMode                   
0000024e  pixMode                 
00000250  PlantPID                
000003b0  _stack                  
00000400  __STACK_END             
000010c0  TLV_CHECKSUM            
000010da  TLV_ADC10_1_TAG         
000010db  TLV_ADC10_1_LEN         
000010f6  TLV_DCO_30_TAG          
000010f7  TLV_DCO_30_LEN          
000010f8  CALDCO_16MHZ            
000010f9  CALBC1_16MHZ            
000010fa  CALDCO_12MHZ            
000010fb  CALBC1_12MHZ            
000010fc  CALDCO_8MHZ             
000010fd  CALBC1_8MHZ             
000010fe  CALDCO_1MHZ             
000010ff  CALBC1_1MHZ             
0000c000  __TI_frcmpyd            
0000c2f4  __mspabi_addd           
0000c5dc  __mspabi_mpyd           
0000c84a  __TI_frcaddd            
0000caaa  PORT1_ISR               
0000ccd6  main                    
0000ce8c  reflowScreen            
0000d03e  __mspabi_subf           
0000d044  __mspabi_addf           
0000d16e  UpdatePID               
0000d272  ftoa                    
0000d36a  pidScreen               
0000d460  __mspabi_mpyf           
0000d522  __TI_renormd            
0000d5e0  drawLine                
0000d684  __mspabi_divf           
0000d71e  relayDrive              
0000d7b6  __mspabi_cvtdf          
0000d842  map                     
0000d8c8  __mspabi_fltuld         
0000d948  plotScreen              
0000d9c8  LcdCharacter            
0000da46  maxRead                 
0000dac0  writeFlash              
0000db3a  LEADScreen              
0000dbb2  RoHSScreen              
0000dc2a  __mspabi_fixdul         
0000dc9e  LcdInit                 
0000dd10  exitScreen              
0000dd7a  itoa                    
0000dde4  __mspabi_cvtfd          
0000de4c  __mspabi_fixfi          
0000deb4  Scroll                  
0000df7c  setPixel                
0000dfdc  __mspabi_srll_15        
0000dfe2  __mspabi_srll_14        
0000dfe8  __mspabi_srll_13        
0000dfee  __mspabi_srll_12        
0000dff4  __mspabi_srll_11        
0000dffa  __mspabi_srll_10        
0000e000  __mspabi_srll_9         
0000e006  __mspabi_srll_8         
0000e00c  __mspabi_srll_7         
0000e012  __mspabi_srll_6         
0000e018  __mspabi_srll_5         
0000e01e  __mspabi_srll_4         
0000e024  __mspabi_srll_3         
0000e02a  __mspabi_srll_2         
0000e030  __mspabi_srll_1         
0000e038  _auto_init              
0000e090  profileScreen           
0000e0e8  initGPIO                
0000e13e  startScreen             
0000e192  TIMER1_A1_ISR           
0000e1e0  __mspabi_srli           
0000e1ee  __mspabi_srli_15        
0000e1f2  __mspabi_srli_14        
0000e1f6  __mspabi_srli_13        
0000e1fa  __mspabi_srli_12        
0000e1fe  __mspabi_srli_11        
0000e202  __mspabi_srli_10        
0000e206  __mspabi_srli_9         
0000e20a  __mspabi_srli_8         
0000e20e  __mspabi_srli_7         
0000e212  __mspabi_srli_6         
0000e216  __mspabi_srli_5         
0000e21a  __mspabi_srli_4         
0000e21e  __mspabi_srli_3         
0000e222  __mspabi_srli_2         
0000e226  __mspabi_srli_1         
0000e22c  __mspabi_cmpf           
0000e276  __mspabi_fixfu          
0000e2bc  LcdClear                
0000e300  USCIAB0RX_ISR           
0000e342  __mspabi_sral_15        
0000e346  __mspabi_sral_14        
0000e34a  __mspabi_sral_13        
0000e34e  __mspabi_sral_12        
0000e352  __mspabi_sral_11        
0000e356  __mspabi_sral_10        
0000e35a  __mspabi_sral_9         
0000e35e  __mspabi_sral_8         
0000e362  __mspabi_sral_7         
0000e366  __mspabi_sral_6         
0000e36a  __mspabi_sral_5         
0000e36e  __mspabi_sral_4         
0000e372  __mspabi_sral_3         
0000e376  __mspabi_sral_2         
0000e37a  __mspabi_sral_1         
0000e380  __mspabi_slll_15        
0000e384  __mspabi_slll_14        
0000e388  __mspabi_slll_13        
0000e38c  __mspabi_slll_12        
0000e390  __mspabi_slll_11        
0000e394  __mspabi_slll_10        
0000e398  __mspabi_slll_9         
0000e39c  __mspabi_slll_8         
0000e3a0  __mspabi_slll_7         
0000e3a4  __mspabi_slll_6         
0000e3a8  __mspabi_slll_5         
0000e3ac  __mspabi_slll_4         
0000e3b0  __mspabi_slll_3         
0000e3b4  __mspabi_slll_2         
0000e3b8  __mspabi_slll_1         
0000e3be  loadProfile             
0000e3fc  loadFlash               
0000e430  startPwm                
0000e460  __mspabi_subd           
0000e48e  initSPI8                
0000e4bc  LcdWrite                
0000e4e8  __mspabi_srai           
0000e4f4  __mspabi_srai_15        
0000e4f6  __mspabi_srai_14        
0000e4f8  __mspabi_srai_13        
0000e4fa  __mspabi_srai_12        
0000e4fc  __mspabi_srai_11        
0000e4fe  __mspabi_srai_10        
0000e500  __mspabi_srai_9         
0000e502  __mspabi_srai_8         
0000e504  __mspabi_srai_7         
0000e506  __mspabi_srai_6         
0000e508  __mspabi_srai_5         
0000e50a  __mspabi_srai_4         
0000e50c  __mspabi_srai_3         
0000e50e  __mspabi_srai_2         
0000e510  __mspabi_srai_1         
0000e514  __mspabi_divi           
0000e514  __mspabi_remi           
0000e540  __mspabi_slli           
0000e54c  __mspabi_slli_15        
0000e54e  __mspabi_slli_14        
0000e550  __mspabi_slli_13        
0000e552  __mspabi_slli_12        
0000e554  __mspabi_slli_11        
0000e556  __mspabi_slli_10        
0000e558  __mspabi_slli_9         
0000e55a  __mspabi_slli_8         
0000e55c  __mspabi_slli_7         
0000e55e  __mspabi_slli_6         
0000e560  __mspabi_slli_5         
0000e562  __mspabi_slli_4         
0000e564  __mspabi_slli_3         
0000e566  __mspabi_slli_2         
0000e568  __mspabi_slli_1         
0000e56c  stopPwm                 
0000e598  drawFilledRectangle     
0000e5c0  LcdBmp                  
0000e5e6  LcdGotoXY               
0000e60c  __mspabi_mpyl           
0000e60c  __mspabi_mpyl_sw        
0000e632  __mspabi_fltuf          
0000e656  buzz                    
0000e678  startSampler            
0000e694  _c_int00_noargs_noexit  
0000e6ae  LcdString               
0000e6c4  delay                   
0000e6da  __mspabi_divu           
0000e6da  __mspabi_remu           
0000e6f0  __TI_zero_init          
0000e704  __mspabi_mpyi           
0000e704  __mspabi_mpyi_sw        
0000e718  startCapture            
0000e72c  __mspabi_fixdu          
0000e73e  __TI_decompress_none    
0000e750  __mspabi_srll           
0000e762  memcpy                  
0000e774  __mspabi_sral           
0000e784  __mspabi_slll           
0000e794  __mspabi_func_epilog_7  
0000e796  __mspabi_func_epilog_6  
0000e798  __mspabi_func_epilog_5  
0000e79a  __mspabi_func_epilog_4  
0000e79c  __mspabi_func_epilog_3  
0000e79e  __mspabi_func_epilog_2  
0000e7a0  __mspabi_func_epilog_1  
0000e7a4  LcdClearSome            
0000e7b2  stopSampler             
0000e7c0  WDT_ISR                 
0000e7cc  stopSecTimer            
0000e7d8  __mspabi_negf           
0000e7e2  stopBuzz                
0000e7ec  startSecTimer           
0000e7f4  TIMER0_A0_ISR           
0000e7fa  __mspabi_fltud          
0000e800  __TI_ISR_TRAP           
0000e806  __TI_decompress_rle24   
0000e80c  _system_pre_init        
0000e810  C$$EXIT                 
0000e810  abort                   
0000eb98  rhosPlot                
0000eefc  __TI_Handler_Table_Base 
0000ef02  __TI_Handler_Table_Limit
0000ef06  __TI_CINIT_Base         
0000ef0e  __TI_CINIT_Limit        
0000ffe0  __TI_int00              
0000ffe4  __TI_int02              
0000ffe6  __TI_int03              
0000ffea  __TI_int05              
0000ffec  __TI_int06              
0000ffee  __TI_int07              
0000fff0  __TI_int08              
0000fff2  __TI_int09              
0000fff4  __TI_int10              
0000fff6  __TI_int11              
0000fff8  __TI_int12              
0000fffa  __TI_int13              
0000fffc  __TI_int14              
0000fffe  _reset_vector           
ffffffff  __binit__               
ffffffff  __c_args__              
ffffffff  binit                   
UNDEFED   __TI_INITARRAY_Base     
UNDEFED   __TI_INITARRAY_Limit    

[348 symbols]
